Welcome to Git (version 1.9.4-preview20140815)


Run 'git help git' to display the help index.
Run 'git help <command>' to display help for specific commands.

bg5fvr@BG5FVR-PC ~
$ pwd
/c/Users/bg5fvr

bg5fvr@BG5FVR-PC ~
$ cd c:

bg5fvr@BG5FVR-PC /c
$ cd rathi/workshop-training/datascientisttoolbox/assignment

bg5fvr@BG5FVR-PC /c/rathi/workshop-training/datascientisttoolbox/assignment
$ pwd
/c/rathi/workshop-training/datascientisttoolbox/assignment

bg5fvr@BG5FVR-PC /c/rathi/workshop-training/datascientisttoolbox/assignment
$ ls
Assignment Questions.docx  R-Studio.docx  R-Studio.png.jpg
HelloWorld.md              R-Studio.png   ~$signment Questions.docx

bg5fvr@BG5FVR-PC /c/rathi/workshop-training/datascientisttoolbox/assignment
$ cd A3

bg5fvr@BG5FVR-PC /c/rathi/workshop-training/datascientisttoolbox/assignment/A3
$ git init
Initialized empty Git repository in c:/rathi/workshop-training/datascientisttool
box/assignment/A3/.git/

bg5fvr@BG5FVR-PC /c/rathi/workshop-training/datascientisttoolbox/assignment/A3 (
master)
$ git status
On branch master

Initial commit

Untracked files:
  (use "git add <file>..." to include in what will be committed)

        HelloWorld.md

nothing added to commit but untracked files present (use "git add" to track)

bg5fvr@BG5FVR-PC /c/rathi/workshop-training/datascientisttoolbox/assignment/A3 (
master)
$ git commit -m" My first markdown file"
On branch master

Initial commit

Untracked files:
        HelloWorld.md

nothing added to commit but untracked files present

bg5fvr@BG5FVR-PC /c/rathi/workshop-training/datascientisttoolbox/assignment/A3 (
master)
$ git add
Nothing specified, nothing added.
Maybe you wanted to say 'git add .'?

bg5fvr@BG5FVR-PC /c/rathi/workshop-training/datascientisttoolbox/assignment/A3 (
master)
$ git add -A
warning: CRLF will be replaced by LF in HelloWorld.md.
The file will have its original line endings in your working directory.

bg5fvr@BG5FVR-PC /c/rathi/workshop-training/datascientisttoolbox/assignment/A3 (
master)
$ git status
On branch master

Initial commit

Changes to be committed:
  (use "git rm --cached <file>..." to unstage)

        new file:   HelloWorld.md


bg5fvr@BG5FVR-PC /c/rathi/workshop-training/datascientisttoolbox/assignment/A3 (
master)
$ git commit -m"My first MD file"
[master (root-commit) 82085cc] My first MD file
warning: CRLF will be replaced by LF in HelloWorld.md.
The file will have its original line endings in your working directory.
 1 file changed, 3 insertions(+)
 create mode 100644 HelloWorld.md

bg5fvr@BG5FVR-PC /c/rathi/workshop-training/datascientisttoolbox/assignment/A3 (
master)
$ get status
sh.exe": get: command not found

bg5fvr@BG5FVR-PC /c/rathi/workshop-training/datascientisttoolbox/assignment/A3 (
master)
$ git status
On branch master
nothing to commit, working directory clean

bg5fvr@BG5FVR-PC /c/rathi/workshop-training/datascientisttoolbox/assignment/A3 (
master)
$ git remote add origin https://github.com/rathimala/datasciencecoursera.git

bg5fvr@BG5FVR-PC /c/rathi/workshop-training/datascientisttoolbox/assignment/A3 (
master)
$ git push origin master
Username for 'https://github.com': rathimala
Password for 'https://rathimala@github.com':
To https://github.com/rathimala/datasciencecoursera.git
 ! [rejected]        master -> master (fetch first)
error: failed to push some refs to 'https://github.com/rathimala/datasciencecour
sera.git'
hint: Updates were rejected because the remote contains work that you do
hint: not have locally. This is usually caused by another repository pushing
hint: to the same ref. You may want to first integrate the remote changes
hint: (e.g., 'git pull ...') before pushing again.
hint: See the 'Note about fast-forwards' in 'git push --help' for details.

bg5fvr@BG5FVR-PC /c/rathi/workshop-training/datascientisttoolbox/assignment/A3 (
master)
$